{
 "stdout": "hallo world\n",
 "stderr": "",
 "dump": {
  "total": 20461586,
  "version": "0.14.0",
  "root": {
   "name": "root",
   "init": 0,
   "destroy": 19381714,
   "before": [
    0
   ],
   "after": [
    19353590
   ],
   "stack": [
    {
     "description": "Module._compile (module.js:556:32)",
     "filename": "module.js",
     "line": 556,
     "collum": 32
    },
    {
     "description": "Object.Module._extensions..js (module.js:565:10)",
     "filename": "module.js",
     "line": 565,
     "collum": 10
    },
    {
     "description": "Module.load (module.js:473:32)",
     "filename": "module.js",
     "line": 473,
     "collum": 32
    },
    {
     "description": "tryModuleLoad (module.js:432:12)",
     "filename": "module.js",
     "line": 432,
     "collum": 12
    },
    {
     "description": "Function.Module._load (module.js:424:3)",
     "filename": "module.js",
     "line": 424,
     "collum": 3
    },
    {
     "description": "Module.require (module.js:483:17)",
     "filename": "module.js",
     "line": 483,
     "collum": 17
    },
    {
     "description": "require (internal/module.js:20:19)",
     "filename": "internal/module.js",
     "line": 20,
     "collum": 19
    },
    {
     "description": "Object.<anonymous> (/Users/Jeremiah/Documents/dprof/test/scripts/console-log.js:2:1)",
     "filename": "/test/scripts/console-log.js",
     "line": 2,
     "collum": 1
    },
    {
     "description": "Module._compile (module.js:556:32)",
     "filename": "module.js",
     "line": 556,
     "collum": 32
    },
    {
     "description": "Object.Module._extensions..js (module.js:565:10)",
     "filename": "module.js",
     "line": 565,
     "collum": 10
    },
    {
     "description": "Module.load (module.js:473:32)",
     "filename": "module.js",
     "line": 473,
     "collum": 32
    },
    {
     "description": "tryModuleLoad (module.js:432:12)",
     "filename": "module.js",
     "line": 432,
     "collum": 12
    },
    {
     "description": "Function.Module._load (module.js:424:3)",
     "filename": "module.js",
     "line": 424,
     "collum": 3
    },
    {
     "description": "Module.runMain (module.js:590:10)",
     "filename": "module.js",
     "line": 590,
     "collum": 10
    },
    {
     "description": "run (bootstrap_node.js:394:7)",
     "filename": "bootstrap_node.js",
     "line": 394,
     "collum": 7
    },
    {
     "description": "startup (bootstrap_node.js:149:9)",
     "filename": "bootstrap_node.js",
     "line": 149,
     "collum": 9
    },
    {
     "description": "bootstrap_node.js:509:3",
     "filename": "bootstrap_node.js",
     "line": 509,
     "collum": 3
    }
   ],
   "children": [
    {
     "name": "Signal",
     "init": 3513179,
     "destroy": null,
     "before": [],
     "after": [],
     "stack": [
      {
       "description": "process.<anonymous> (internal/process.js:195:18)",
       "filename": "internal/process.js",
       "line": 195,
       "collum": 18
      },
      {
       "description": "emitTwo (events.js:106:13)",
       "filename": "events.js",
       "line": 106,
       "collum": 13
      },
      {
       "description": "process.emit (events.js:191:7)",
       "filename": "events.js",
       "line": 191,
       "collum": 7
      },
      {
       "description": "_addListener (events.js:226:14)",
       "filename": "events.js",
       "line": 226,
       "collum": 14
      },
      {
       "description": "process.addListener (events.js:270:10)",
       "filename": "events.js",
       "line": 270,
       "collum": 10
      },
      {
       "description": "Object.<anonymous> (/Users/Jeremiah/Documents/dprof/dprof.js:152:11)",
       "filename": "/dprof.js",
       "line": 152,
       "collum": 11
      },
      {
       "description": "Module._compile (module.js:556:32)",
       "filename": "module.js",
       "line": 556,
       "collum": 32
      },
      {
       "description": "Object.Module._extensions..js (module.js:565:10)",
       "filename": "module.js",
       "line": 565,
       "collum": 10
      },
      {
       "description": "Module.load (module.js:473:32)",
       "filename": "module.js",
       "line": 473,
       "collum": 32
      },
      {
       "description": "tryModuleLoad (module.js:432:12)",
       "filename": "module.js",
       "line": 432,
       "collum": 12
      },
      {
       "description": "Function.Module._load (module.js:424:3)",
       "filename": "module.js",
       "line": 424,
       "collum": 3
      },
      {
       "description": "Module.require (module.js:483:17)",
       "filename": "module.js",
       "line": 483,
       "collum": 17
      },
      {
       "description": "require (internal/module.js:20:19)",
       "filename": "internal/module.js",
       "line": 20,
       "collum": 19
      },
      {
       "description": "Object.<anonymous> (/Users/Jeremiah/Documents/dprof/test/scripts/console-log.js:2:1)",
       "filename": "/test/scripts/console-log.js",
       "line": 2,
       "collum": 1
      },
      {
       "description": "Module._compile (module.js:556:32)",
       "filename": "module.js",
       "line": 556,
       "collum": 32
      },
      {
       "description": "Object.Module._extensions..js (module.js:565:10)",
       "filename": "module.js",
       "line": 565,
       "collum": 10
      },
      {
       "description": "Module.load (module.js:473:32)",
       "filename": "module.js",
       "line": 473,
       "collum": 32
      },
      {
       "description": "tryModuleLoad (module.js:432:12)",
       "filename": "module.js",
       "line": 432,
       "collum": 12
      },
      {
       "description": "Function.Module._load (module.js:424:3)",
       "filename": "module.js",
       "line": 424,
       "collum": 3
      },
      {
       "description": "Module.runMain (module.js:590:10)",
       "filename": "module.js",
       "line": 590,
       "collum": 10
      },
      {
       "description": "run (bootstrap_node.js:394:7)",
       "filename": "bootstrap_node.js",
       "line": 394,
       "collum": 7
      },
      {
       "description": "startup (bootstrap_node.js:149:9)",
       "filename": "bootstrap_node.js",
       "line": 149,
       "collum": 9
      },
      {
       "description": "bootstrap_node.js:509:3",
       "filename": "bootstrap_node.js",
       "line": 509,
       "collum": 3
      }
     ],
     "children": []
    },
    {
     "name": "Pipe",
     "init": 13930532,
     "destroy": null,
     "before": [],
     "after": [],
     "stack": [
      {
       "description": "createHandle (net.js:33:31)",
       "filename": "net.js",
       "line": 33,
       "collum": 31
      },
      {
       "description": "new Socket (net.js:139:20)",
       "filename": "net.js",
       "line": 139,
       "collum": 20
      },
      {
       "description": "createWritableStdioStream (internal/process/stdio.js:156:16)",
       "filename": "internal/process/stdio.js",
       "line": 156,
       "collum": 16
      },
      {
       "description": "process.getStdout [as stdout] (internal/process/stdio.js:10:14)",
       "filename": "internal/process/stdio.js",
       "line": 10,
       "collum": 14
      },
      {
       "description": "console.js:100:37",
       "filename": "console.js",
       "line": 100,
       "collum": 37
      },
      {
       "description": "NativeModule.compile (bootstrap_node.js:497:7)",
       "filename": "bootstrap_node.js",
       "line": 497,
       "collum": 7
      },
      {
       "description": "Function.NativeModule.require (bootstrap_node.js:438:18)",
       "filename": "bootstrap_node.js",
       "line": 438,
       "collum": 18
      },
      {
       "description": "get (bootstrap_node.js:254:34)",
       "filename": "bootstrap_node.js",
       "line": 254,
       "collum": 34
      },
      {
       "description": "Object.<anonymous> (/Users/Jeremiah/Documents/dprof/test/scripts/console-log.js:4:1)",
       "filename": "/test/scripts/console-log.js",
       "line": 4,
       "collum": 1
      },
      {
       "description": "Module._compile (module.js:556:32)",
       "filename": "module.js",
       "line": 556,
       "collum": 32
      },
      {
       "description": "Object.Module._extensions..js (module.js:565:10)",
       "filename": "module.js",
       "line": 565,
       "collum": 10
      },
      {
       "description": "Module.load (module.js:473:32)",
       "filename": "module.js",
       "line": 473,
       "collum": 32
      },
      {
       "description": "tryModuleLoad (module.js:432:12)",
       "filename": "module.js",
       "line": 432,
       "collum": 12
      },
      {
       "description": "Function.Module._load (module.js:424:3)",
       "filename": "module.js",
       "line": 424,
       "collum": 3
      },
      {
       "description": "Module.runMain (module.js:590:10)",
       "filename": "module.js",
       "line": 590,
       "collum": 10
      },
      {
       "description": "run (bootstrap_node.js:394:7)",
       "filename": "bootstrap_node.js",
       "line": 394,
       "collum": 7
      },
      {
       "description": "startup (bootstrap_node.js:149:9)",
       "filename": "bootstrap_node.js",
       "line": 149,
       "collum": 9
      },
      {
       "description": "bootstrap_node.js:509:3",
       "filename": "bootstrap_node.js",
       "line": 509,
       "collum": 3
      }
     ],
     "children": []
    },
    {
     "name": "Pipe",
     "init": 15613167,
     "destroy": null,
     "before": [],
     "after": [],
     "stack": [
      {
       "description": "createHandle (net.js:33:31)",
       "filename": "net.js",
       "line": 33,
       "collum": 31
      },
      {
       "description": "new Socket (net.js:139:20)",
       "filename": "net.js",
       "line": 139,
       "collum": 20
      },
      {
       "description": "createWritableStdioStream (internal/process/stdio.js:156:16)",
       "filename": "internal/process/stdio.js",
       "line": 156,
       "collum": 16
      },
      {
       "description": "process.getStderr [as stderr] (internal/process/stdio.js:23:14)",
       "filename": "internal/process/stdio.js",
       "line": 23,
       "collum": 14
      },
      {
       "description": "console.js:100:53",
       "filename": "console.js",
       "line": 100,
       "collum": 53
      },
      {
       "description": "NativeModule.compile (bootstrap_node.js:497:7)",
       "filename": "bootstrap_node.js",
       "line": 497,
       "collum": 7
      },
      {
       "description": "Function.NativeModule.require (bootstrap_node.js:438:18)",
       "filename": "bootstrap_node.js",
       "line": 438,
       "collum": 18
      },
      {
       "description": "get (bootstrap_node.js:254:34)",
       "filename": "bootstrap_node.js",
       "line": 254,
       "collum": 34
      },
      {
       "description": "Object.<anonymous> (/Users/Jeremiah/Documents/dprof/test/scripts/console-log.js:4:1)",
       "filename": "/test/scripts/console-log.js",
       "line": 4,
       "collum": 1
      },
      {
       "description": "Module._compile (module.js:556:32)",
       "filename": "module.js",
       "line": 556,
       "collum": 32
      },
      {
       "description": "Object.Module._extensions..js (module.js:565:10)",
       "filename": "module.js",
       "line": 565,
       "collum": 10
      },
      {
       "description": "Module.load (module.js:473:32)",
       "filename": "module.js",
       "line": 473,
       "collum": 32
      },
      {
       "description": "tryModuleLoad (module.js:432:12)",
       "filename": "module.js",
       "line": 432,
       "collum": 12
      },
      {
       "description": "Function.Module._load (module.js:424:3)",
       "filename": "module.js",
       "line": 424,
       "collum": 3
      },
      {
       "description": "Module.runMain (module.js:590:10)",
       "filename": "module.js",
       "line": 590,
       "collum": 10
      },
      {
       "description": "run (bootstrap_node.js:394:7)",
       "filename": "bootstrap_node.js",
       "line": 394,
       "collum": 7
      },
      {
       "description": "startup (bootstrap_node.js:149:9)",
       "filename": "bootstrap_node.js",
       "line": 149,
       "collum": 9
      },
      {
       "description": "bootstrap_node.js:509:3",
       "filename": "bootstrap_node.js",
       "line": 509,
       "collum": 3
      }
     ],
     "children": []
    },
    {
     "name": "NextTickWrap",
     "init": 18915862,
     "destroy": 20046371,
     "before": [
      19702040
     ],
     "after": [
      19938171
     ],
     "stack": [
      {
       "description": "onwrite (_stream_writable.js:350:15)",
       "filename": "_stream_writable.js",
       "line": 350,
       "collum": 15
      },
      {
       "description": "WritableState.onwrite (_stream_writable.js:89:5)",
       "filename": "_stream_writable.js",
       "line": 89,
       "collum": 5
      },
      {
       "description": "Socket._writeGeneric (net.js:715:5)",
       "filename": "net.js",
       "line": 715,
       "collum": 5
      },
      {
       "description": "Socket._write (net.js:725:8)",
       "filename": "net.js",
       "line": 725,
       "collum": 8
      },
      {
       "description": "doWrite (_stream_writable.js:307:12)",
       "filename": "_stream_writable.js",
       "line": 307,
       "collum": 12
      },
      {
       "description": "writeOrBuffer (_stream_writable.js:293:5)",
       "filename": "_stream_writable.js",
       "line": 293,
       "collum": 5
      },
      {
       "description": "Socket.Writable.write (_stream_writable.js:220:11)",
       "filename": "_stream_writable.js",
       "line": 220,
       "collum": 11
      },
      {
       "description": "Socket.write (net.js:651:40)",
       "filename": "net.js",
       "line": 651,
       "collum": 40
      },
      {
       "description": "Console.log (console.js:43:16)",
       "filename": "console.js",
       "line": 43,
       "collum": 16
      },
      {
       "description": "Object.<anonymous> (/Users/Jeremiah/Documents/dprof/test/scripts/console-log.js:4:9)",
       "filename": "/test/scripts/console-log.js",
       "line": 4,
       "collum": 9
      },
      {
       "description": "Module._compile (module.js:556:32)",
       "filename": "module.js",
       "line": 556,
       "collum": 32
      },
      {
       "description": "Object.Module._extensions..js (module.js:565:10)",
       "filename": "module.js",
       "line": 565,
       "collum": 10
      },
      {
       "description": "Module.load (module.js:473:32)",
       "filename": "module.js",
       "line": 473,
       "collum": 32
      },
      {
       "description": "tryModuleLoad (module.js:432:12)",
       "filename": "module.js",
       "line": 432,
       "collum": 12
      },
      {
       "description": "Function.Module._load (module.js:424:3)",
       "filename": "module.js",
       "line": 424,
       "collum": 3
      },
      {
       "description": "Module.runMain (module.js:590:10)",
       "filename": "module.js",
       "line": 590,
       "collum": 10
      },
      {
       "description": "run (bootstrap_node.js:394:7)",
       "filename": "bootstrap_node.js",
       "line": 394,
       "collum": 7
      },
      {
       "description": "startup (bootstrap_node.js:149:9)",
       "filename": "bootstrap_node.js",
       "line": 149,
       "collum": 9
      },
      {
       "description": "bootstrap_node.js:509:3",
       "filename": "bootstrap_node.js",
       "line": 509,
       "collum": 3
      }
     ],
     "children": []
    }
   ]
  }
 }
}