{
 "stdout": "",
 "stderr": "",
 "dump": {
  "total": 7593346,
  "version": "0.14.0",
  "root": {
   "name": "root",
   "init": 0,
   "destroy": 4346887,
   "before": [
    0
   ],
   "after": [
    4316288
   ],
   "stack": [
    {
     "description": "Module._compile (module.js:541:32)",
     "filename": "module.js",
     "line": 541,
     "collum": 32
    },
    {
     "description": "Object.Module._extensions..js (module.js:550:10)",
     "filename": "module.js",
     "line": 550,
     "collum": 10
    },
    {
     "description": "Module.load (module.js:458:32)",
     "filename": "module.js",
     "line": 458,
     "collum": 32
    },
    {
     "description": "tryModuleLoad (module.js:417:12)",
     "filename": "module.js",
     "line": 417,
     "collum": 12
    },
    {
     "description": "Function.Module._load (module.js:409:3)",
     "filename": "module.js",
     "line": 409,
     "collum": 3
    },
    {
     "description": "Module.require (module.js:468:17)",
     "filename": "module.js",
     "line": 468,
     "collum": 17
    },
    {
     "description": "require (internal/module.js:20:19)",
     "filename": "internal/module.js",
     "line": 20,
     "collum": 19
    },
    {
     "description": "Object.<anonymous> (/Users/Andreas/Sites/node_modules/dprof/test/scripts/example.js:2:1)",
     "filename": "/test/scripts/example.js",
     "line": 2,
     "collum": 1
    },
    {
     "description": "Module._compile (module.js:541:32)",
     "filename": "module.js",
     "line": 541,
     "collum": 32
    },
    {
     "description": "Object.Module._extensions..js (module.js:550:10)",
     "filename": "module.js",
     "line": 550,
     "collum": 10
    },
    {
     "description": "Module.load (module.js:458:32)",
     "filename": "module.js",
     "line": 458,
     "collum": 32
    },
    {
     "description": "tryModuleLoad (module.js:417:12)",
     "filename": "module.js",
     "line": 417,
     "collum": 12
    },
    {
     "description": "Function.Module._load (module.js:409:3)",
     "filename": "module.js",
     "line": 409,
     "collum": 3
    },
    {
     "description": "Module.runMain (module.js:575:10)",
     "filename": "module.js",
     "line": 575,
     "collum": 10
    },
    {
     "description": "run (bootstrap_node.js:352:7)",
     "filename": "bootstrap_node.js",
     "line": 352,
     "collum": 7
    },
    {
     "description": "startup (bootstrap_node.js:144:9)",
     "filename": "bootstrap_node.js",
     "line": 144,
     "collum": 9
    },
    {
     "description": "bootstrap_node.js:467:3",
     "filename": "bootstrap_node.js",
     "line": 467,
     "collum": 3
    }
   ],
   "children": [
    {
     "name": "TimeoutWrap",
     "init": 3234326,
     "destroy": 6324392,
     "before": [
      4910358
     ],
     "after": [
      6090412
     ],
     "stack": [
      {
       "description": "Object.<anonymous> (/Users/Andreas/Sites/node_modules/dprof/test/scripts/example.js:6:1)",
       "filename": "/test/scripts/example.js",
       "line": 6,
       "collum": 1
      },
      {
       "description": "Module._compile (module.js:541:32)",
       "filename": "module.js",
       "line": 541,
       "collum": 32
      },
      {
       "description": "Object.Module._extensions..js (module.js:550:10)",
       "filename": "module.js",
       "line": 550,
       "collum": 10
      },
      {
       "description": "Module.load (module.js:458:32)",
       "filename": "module.js",
       "line": 458,
       "collum": 32
      },
      {
       "description": "tryModuleLoad (module.js:417:12)",
       "filename": "module.js",
       "line": 417,
       "collum": 12
      },
      {
       "description": "Function.Module._load (module.js:409:3)",
       "filename": "module.js",
       "line": 409,
       "collum": 3
      },
      {
       "description": "Module.runMain (module.js:575:10)",
       "filename": "module.js",
       "line": 575,
       "collum": 10
      },
      {
       "description": "run (bootstrap_node.js:352:7)",
       "filename": "bootstrap_node.js",
       "line": 352,
       "collum": 7
      },
      {
       "description": "startup (bootstrap_node.js:144:9)",
       "filename": "bootstrap_node.js",
       "line": 144,
       "collum": 9
      },
      {
       "description": "bootstrap_node.js:467:3",
       "filename": "bootstrap_node.js",
       "line": 467,
       "collum": 3
      }
     ],
     "children": [
      {
       "name": "FSReqWrap",
       "init": 5137186,
       "destroy": 6927139,
       "before": [
        6418801
       ],
       "after": [
        6911356
       ],
       "stack": [
        {
         "description": "Object.fs.open (fs.js:631:11)",
         "filename": "fs.js",
         "line": 631,
         "collum": 11
        },
        {
         "description": "Timeout.<anonymous> (/Users/Andreas/Sites/node_modules/dprof/test/scripts/example.js:8:6)",
         "filename": "/test/scripts/example.js",
         "line": 8,
         "collum": 6
        },
        {
         "description": "tryOnTimeout (timers.js:228:11)",
         "filename": "timers.js",
         "line": 228,
         "collum": 11
        },
        {
         "description": "Timer.listOnTimeout (timers.js:202:5)",
         "filename": "timers.js",
         "line": 202,
         "collum": 5
        }
       ],
       "children": [
        {
         "name": "FSReqWrap",
         "init": 6736433,
         "destroy": 7184487,
         "before": [
          7124834
         ],
         "after": [
          7180561
         ],
         "stack": [
          {
           "description": "Object.fs.read (fs.js:687:11)",
           "filename": "fs.js",
           "line": 687,
           "collum": 11
          },
          {
           "description": "/Users/Andreas/Sites/node_modules/dprof/test/scripts/example.js:13:8",
           "filename": "/test/scripts/example.js",
           "line": 13,
           "collum": 8
          },
          {
           "description": "FSReqWrap.oncomplete (fs.js:123:15)",
           "filename": "fs.js",
           "line": 123,
           "collum": 15
          }
         ],
         "children": []
        },
        {
         "name": "FSReqWrap",
         "init": 6858905,
         "destroy": 7374832,
         "before": [
          7188483
         ],
         "after": [
          7370699
         ],
         "stack": [
          {
           "description": "Object.fs.read (fs.js:687:11)",
           "filename": "fs.js",
           "line": 687,
           "collum": 11
          },
          {
           "description": "/Users/Andreas/Sites/node_modules/dprof/test/scripts/example.js:21:8",
           "filename": "/test/scripts/example.js",
           "line": 21,
           "collum": 8
          },
          {
           "description": "FSReqWrap.oncomplete (fs.js:123:15)",
           "filename": "fs.js",
           "line": 123,
           "collum": 15
          }
         ],
         "children": [
          {
           "name": "FSReqWrap",
           "init": 7307910,
           "destroy": 7453932,
           "before": [
            7414926
           ],
           "after": [
            7449866
           ],
           "stack": [
            {
             "description": "Object.fs.close (fs.js:605:11)",
             "filename": "fs.js",
             "line": 605,
             "collum": 11
            },
            {
             "description": "close (/Users/Andreas/Sites/node_modules/dprof/test/scripts/example.js:29:10)",
             "filename": "/test/scripts/example.js",
             "line": 29,
             "collum": 10
            },
            {
             "description": "/Users/Andreas/Sites/node_modules/dprof/test/scripts/example.js:25:24",
             "filename": "/test/scripts/example.js",
             "line": 25,
             "collum": 24
            },
            {
             "description": "FSReqWrap.wrapper [as oncomplete] (fs.js:681:17)",
             "filename": "fs.js",
             "line": 681,
             "collum": 17
            }
           ],
           "children": []
          }
         ]
        }
       ]
      },
      {
       "name": "FSReqWrap",
       "init": 5775829,
       "destroy": 7027928,
       "before": [
        6995428
       ],
       "after": [
        7023671
       ],
       "stack": [
        {
         "description": "Object.fs.readdir (fs.js:941:11)",
         "filename": "fs.js",
         "line": 941,
         "collum": 11
        },
        {
         "description": "Timeout.<anonymous> (/Users/Andreas/Sites/node_modules/dprof/test/scripts/example.js:35:6)",
         "filename": "/test/scripts/example.js",
         "line": 35,
         "collum": 6
        },
        {
         "description": "tryOnTimeout (timers.js:228:11)",
         "filename": "timers.js",
         "line": 228,
         "collum": 11
        },
        {
         "description": "Timer.listOnTimeout (timers.js:202:5)",
         "filename": "timers.js",
         "line": 202,
         "collum": 5
        }
       ],
       "children": []
      }
     ]
    }
   ]
  }
 }
}