{
 "stdout": "",
 "stderr": "init { uid: 3, type: 'SIGNALWRAP', triggerId: 1 }\ninit { uid: 4, type: 'Timeout', triggerId: 1 }\ninit { uid: 5, type: 'TIMERWRAP', triggerId: 1 }\nbefore { uid: 5 }\nbefore { uid: 4 }\ninit { uid: 6, type: 'Timeout', triggerId: 4 }\ninit { uid: 7, type: 'Timeout', triggerId: 4 }\nafter { uid: 4 }\nafter { uid: 5 }\ndestroy { uid: 4 }\nbefore { uid: 5 }\nbefore { uid: 6 }\nafter { uid: 6 }\nbefore { uid: 7 }\nafter { uid: 7 }\nafter { uid: 5 }\ndestroy { uid: 6 }\ndestroy { uid: 7 }\n",
 "dump": {
  "total": 33722147,
  "version": "1.0.0",
  "root": {
   "name": "root",
   "parent": null,
   "uid": 1,
   "init": 0,
   "destroy": 6909864,
   "before": [
    0
   ],
   "after": [
    6885989
   ],
   "unref": [],
   "ref": [],
   "initRef": true,
   "stack": [
    {
     "description": "Module._compile (module.js:569:30)",
     "filename": "module.js",
     "line": 569,
     "collum": 30
    },
    {
     "description": "Object.Module._extensions..js (module.js:580:10)",
     "filename": "module.js",
     "line": 580,
     "collum": 10
    },
    {
     "description": "Module.load (module.js:503:32)",
     "filename": "module.js",
     "line": 503,
     "collum": 32
    },
    {
     "description": "tryModuleLoad (module.js:466:12)",
     "filename": "module.js",
     "line": 466,
     "collum": 12
    },
    {
     "description": "Function.Module._load (module.js:458:3)",
     "filename": "module.js",
     "line": 458,
     "collum": 3
    },
    {
     "description": "Module.require (module.js:513:17)",
     "filename": "module.js",
     "line": 513,
     "collum": 17
    },
    {
     "description": "require (internal/module.js:11:18)",
     "filename": "internal/module.js",
     "line": 11,
     "collum": 18
    },
    {
     "description": "Object.<anonymous> (/Users/Andreas/Sites/node_modules/dprof/test/scripts/set-timeout.js:2:1)",
     "filename": "/test/scripts/set-timeout.js",
     "line": 2,
     "collum": 1
    },
    {
     "description": "Module._compile (module.js:569:30)",
     "filename": "module.js",
     "line": 569,
     "collum": 30
    },
    {
     "description": "Object.Module._extensions..js (module.js:580:10)",
     "filename": "module.js",
     "line": 580,
     "collum": 10
    },
    {
     "description": "Module.load (module.js:503:32)",
     "filename": "module.js",
     "line": 503,
     "collum": 32
    },
    {
     "description": "tryModuleLoad (module.js:466:12)",
     "filename": "module.js",
     "line": 466,
     "collum": 12
    },
    {
     "description": "Function.Module._load (module.js:458:3)",
     "filename": "module.js",
     "line": 458,
     "collum": 3
    },
    {
     "description": "Function.Module.runMain (module.js:605:10)",
     "filename": "module.js",
     "line": 605,
     "collum": 10
    },
    {
     "description": "startup (bootstrap_node.js:158:16)",
     "filename": "bootstrap_node.js",
     "line": 158,
     "collum": 16
    },
    {
     "description": "bootstrap_node.js:575:3",
     "filename": "bootstrap_node.js",
     "line": 575,
     "collum": 3
    }
   ],
   "children": [
    3,
    4,
    5
   ]
  },
  "nodes": [
   {
    "name": "SIGNALWRAP",
    "parent": 1,
    "uid": 3,
    "init": 4402333,
    "destroy": null,
    "before": [],
    "after": [],
    "unref": [
     4758142
    ],
    "ref": [],
    "initRef": true,
    "stack": [
     {
      "description": "runInitCallback (async_hooks.js:459:5)",
      "filename": "async_hooks.js",
      "line": 459,
      "collum": 5
     },
     {
      "description": "Signal.init (async_hooks.js:441:7)",
      "filename": "async_hooks.js",
      "line": 441,
      "collum": 7
     },
     {
      "description": "process.<anonymous> (internal/process.js:203:20)",
      "filename": "internal/process.js",
      "line": 203,
      "collum": 20
     },
     {
      "description": "emitTwo (events.js:125:13)",
      "filename": "events.js",
      "line": 125,
      "collum": 13
     },
     {
      "description": "process.emit (events.js:213:7)",
      "filename": "events.js",
      "line": 213,
      "collum": 7
     },
     {
      "description": "_addListener (events.js:248:14)",
      "filename": "events.js",
      "line": 248,
      "collum": 14
     },
     {
      "description": "process.addListener (events.js:298:10)",
      "filename": "events.js",
      "line": 298,
      "collum": 10
     },
     {
      "description": "Object.<anonymous> (/Users/Andreas/Sites/node_modules/dprof/dprof.js:206:11)",
      "filename": "/dprof.js",
      "line": 206,
      "collum": 11
     },
     {
      "description": "Module._compile (module.js:569:30)",
      "filename": "module.js",
      "line": 569,
      "collum": 30
     },
     {
      "description": "Object.Module._extensions..js (module.js:580:10)",
      "filename": "module.js",
      "line": 580,
      "collum": 10
     },
     {
      "description": "Module.load (module.js:503:32)",
      "filename": "module.js",
      "line": 503,
      "collum": 32
     },
     {
      "description": "tryModuleLoad (module.js:466:12)",
      "filename": "module.js",
      "line": 466,
      "collum": 12
     },
     {
      "description": "Function.Module._load (module.js:458:3)",
      "filename": "module.js",
      "line": 458,
      "collum": 3
     },
     {
      "description": "Module.require (module.js:513:17)",
      "filename": "module.js",
      "line": 513,
      "collum": 17
     },
     {
      "description": "require (internal/module.js:11:18)",
      "filename": "internal/module.js",
      "line": 11,
      "collum": 18
     },
     {
      "description": "Object.<anonymous> (/Users/Andreas/Sites/node_modules/dprof/test/scripts/set-timeout.js:2:1)",
      "filename": "/test/scripts/set-timeout.js",
      "line": 2,
      "collum": 1
     },
     {
      "description": "Module._compile (module.js:569:30)",
      "filename": "module.js",
      "line": 569,
      "collum": 30
     },
     {
      "description": "Object.Module._extensions..js (module.js:580:10)",
      "filename": "module.js",
      "line": 580,
      "collum": 10
     },
     {
      "description": "Module.load (module.js:503:32)",
      "filename": "module.js",
      "line": 503,
      "collum": 32
     },
     {
      "description": "tryModuleLoad (module.js:466:12)",
      "filename": "module.js",
      "line": 466,
      "collum": 12
     },
     {
      "description": "Function.Module._load (module.js:458:3)",
      "filename": "module.js",
      "line": 458,
      "collum": 3
     },
     {
      "description": "Function.Module.runMain (module.js:605:10)",
      "filename": "module.js",
      "line": 605,
      "collum": 10
     },
     {
      "description": "startup (bootstrap_node.js:158:16)",
      "filename": "bootstrap_node.js",
      "line": 158,
      "collum": 16
     },
     {
      "description": "bootstrap_node.js:575:3",
      "filename": "bootstrap_node.js",
      "line": 575,
      "collum": 3
     }
    ],
    "children": []
   },
   {
    "name": "Timeout",
    "parent": 1,
    "uid": 4,
    "init": 5725475,
    "destroy": 21584331,
    "before": [
     19905321
    ],
    "after": [
     21397174
    ],
    "unref": [],
    "ref": [],
    "initRef": true,
    "stack": [
     {
      "description": "runInitCallback (async_hooks.js:459:5)",
      "filename": "async_hooks.js",
      "line": 459,
      "collum": 5
     },
     {
      "description": "emitInitS (async_hooks.js:327:7)",
      "filename": "async_hooks.js",
      "line": 327,
      "collum": 7
     },
     {
      "description": "new Timeout (timers.js:592:5)",
      "filename": "timers.js",
      "line": 592,
      "collum": 5
     },
     {
      "description": "createSingleTimeout (timers.js:472:15)",
      "filename": "timers.js",
      "line": 472,
      "collum": 15
     },
     {
      "description": "setTimeout (timers.js:456:10)",
      "filename": "timers.js",
      "line": 456,
      "collum": 10
     },
     {
      "description": "Object.<anonymous> (/Users/Andreas/Sites/node_modules/dprof/test/scripts/set-timeout.js:4:1)",
      "filename": "/test/scripts/set-timeout.js",
      "line": 4,
      "collum": 1
     },
     {
      "description": "Module._compile (module.js:569:30)",
      "filename": "module.js",
      "line": 569,
      "collum": 30
     },
     {
      "description": "Object.Module._extensions..js (module.js:580:10)",
      "filename": "module.js",
      "line": 580,
      "collum": 10
     },
     {
      "description": "Module.load (module.js:503:32)",
      "filename": "module.js",
      "line": 503,
      "collum": 32
     },
     {
      "description": "tryModuleLoad (module.js:466:12)",
      "filename": "module.js",
      "line": 466,
      "collum": 12
     },
     {
      "description": "Function.Module._load (module.js:458:3)",
      "filename": "module.js",
      "line": 458,
      "collum": 3
     },
     {
      "description": "Function.Module.runMain (module.js:605:10)",
      "filename": "module.js",
      "line": 605,
      "collum": 10
     },
     {
      "description": "startup (bootstrap_node.js:158:16)",
      "filename": "bootstrap_node.js",
      "line": 158,
      "collum": 16
     },
     {
      "description": "bootstrap_node.js:575:3",
      "filename": "bootstrap_node.js",
      "line": 575,
      "collum": 3
     }
    ],
    "children": [
     6,
     7
    ]
   },
   {
    "name": "TIMERWRAP",
    "parent": 1,
    "uid": 5,
    "init": 6214487,
    "destroy": null,
    "before": [
     19082204,
     32424603
    ],
    "after": [
     21505978,
     33166165
    ],
    "unref": [],
    "ref": [],
    "initRef": true,
    "stack": [
     {
      "description": "runInitCallback (async_hooks.js:459:5)",
      "filename": "async_hooks.js",
      "line": 459,
      "collum": 5
     },
     {
      "description": "Timer.init (async_hooks.js:441:7)",
      "filename": "async_hooks.js",
      "line": 441,
      "collum": 7
     },
     {
      "description": "new TimersList (timers.js:218:17)",
      "filename": "timers.js",
      "line": 218,
      "collum": 17
     },
     {
      "description": "createTimersList (timers.js:203:16)",
      "filename": "timers.js",
      "line": 203,
      "collum": 16
     },
     {
      "description": "insert (timers.js:185:27)",
      "filename": "timers.js",
      "line": 185,
      "collum": 27
     },
     {
      "description": "exports.active (timers.js:142:3)",
      "filename": "timers.js",
      "line": 142,
      "collum": 3
     },
     {
      "description": "createSingleTimeout (timers.js:476:3)",
      "filename": "timers.js",
      "line": 476,
      "collum": 3
     },
     {
      "description": "setTimeout (timers.js:456:10)",
      "filename": "timers.js",
      "line": 456,
      "collum": 10
     },
     {
      "description": "Object.<anonymous> (/Users/Andreas/Sites/node_modules/dprof/test/scripts/set-timeout.js:4:1)",
      "filename": "/test/scripts/set-timeout.js",
      "line": 4,
      "collum": 1
     },
     {
      "description": "Module._compile (module.js:569:30)",
      "filename": "module.js",
      "line": 569,
      "collum": 30
     },
     {
      "description": "Object.Module._extensions..js (module.js:580:10)",
      "filename": "module.js",
      "line": 580,
      "collum": 10
     },
     {
      "description": "Module.load (module.js:503:32)",
      "filename": "module.js",
      "line": 503,
      "collum": 32
     },
     {
      "description": "tryModuleLoad (module.js:466:12)",
      "filename": "module.js",
      "line": 466,
      "collum": 12
     },
     {
      "description": "Function.Module._load (module.js:458:3)",
      "filename": "module.js",
      "line": 458,
      "collum": 3
     },
     {
      "description": "Function.Module.runMain (module.js:605:10)",
      "filename": "module.js",
      "line": 605,
      "collum": 10
     },
     {
      "description": "startup (bootstrap_node.js:158:16)",
      "filename": "bootstrap_node.js",
      "line": 158,
      "collum": 16
     },
     {
      "description": "bootstrap_node.js:575:3",
      "filename": "bootstrap_node.js",
      "line": 575,
      "collum": 3
     }
    ],
    "children": []
   },
   {
    "name": "Timeout",
    "parent": 4,
    "uid": 6,
    "init": 20422683,
    "destroy": 33261245,
    "before": [
     32635309
    ],
    "after": [
     32804098
    ],
    "unref": [],
    "ref": [],
    "initRef": true,
    "stack": [
     {
      "description": "runInitCallback (async_hooks.js:459:5)",
      "filename": "async_hooks.js",
      "line": 459,
      "collum": 5
     },
     {
      "description": "emitInitS (async_hooks.js:327:7)",
      "filename": "async_hooks.js",
      "line": 327,
      "collum": 7
     },
     {
      "description": "new Timeout (timers.js:592:5)",
      "filename": "timers.js",
      "line": 592,
      "collum": 5
     },
     {
      "description": "createSingleTimeout (timers.js:472:15)",
      "filename": "timers.js",
      "line": 472,
      "collum": 15
     },
     {
      "description": "setTimeout (timers.js:456:10)",
      "filename": "timers.js",
      "line": 456,
      "collum": 10
     },
     {
      "description": "Timeout._onTimeout (/Users/Andreas/Sites/node_modules/dprof/test/scripts/set-timeout.js:5:3)",
      "filename": "/test/scripts/set-timeout.js",
      "line": 5,
      "collum": 3
     },
     {
      "description": "ontimeout (timers.js:488:11)",
      "filename": "timers.js",
      "line": 488,
      "collum": 11
     },
     {
      "description": "tryOnTimeout (timers.js:323:5)",
      "filename": "timers.js",
      "line": 323,
      "collum": 5
     },
     {
      "description": "Timer.listOnTimeout (timers.js:283:5)",
      "filename": "timers.js",
      "line": 283,
      "collum": 5
     }
    ],
    "children": []
   },
   {
    "name": "Timeout",
    "parent": 4,
    "uid": 7,
    "init": 20896540,
    "destroy": 33363620,
    "before": [
     32912393
    ],
    "after": [
     33033193
    ],
    "unref": [],
    "ref": [],
    "initRef": true,
    "stack": [
     {
      "description": "runInitCallback (async_hooks.js:459:5)",
      "filename": "async_hooks.js",
      "line": 459,
      "collum": 5
     },
     {
      "description": "emitInitS (async_hooks.js:327:7)",
      "filename": "async_hooks.js",
      "line": 327,
      "collum": 7
     },
     {
      "description": "new Timeout (timers.js:592:5)",
      "filename": "timers.js",
      "line": 592,
      "collum": 5
     },
     {
      "description": "createSingleTimeout (timers.js:472:15)",
      "filename": "timers.js",
      "line": 472,
      "collum": 15
     },
     {
      "description": "setTimeout (timers.js:456:10)",
      "filename": "timers.js",
      "line": 456,
      "collum": 10
     },
     {
      "description": "Timeout._onTimeout (/Users/Andreas/Sites/node_modules/dprof/test/scripts/set-timeout.js:7:3)",
      "filename": "/test/scripts/set-timeout.js",
      "line": 7,
      "collum": 3
     },
     {
      "description": "ontimeout (timers.js:488:11)",
      "filename": "timers.js",
      "line": 488,
      "collum": 11
     },
     {
      "description": "tryOnTimeout (timers.js:323:5)",
      "filename": "timers.js",
      "line": 323,
      "collum": 5
     },
     {
      "description": "Timer.listOnTimeout (timers.js:283:5)",
      "filename": "timers.js",
      "line": 283,
      "collum": 5
     }
    ],
    "children": []
   }
  ]
 }
}