{
 "stdout": "",
 "stderr": "",
 "dump": {
  "total": 106408878,
  "version": "0.14.0",
  "root": {
   "name": "root",
   "init": 0,
   "destroy": 5541408,
   "before": [
    0
   ],
   "after": [
    5509761
   ],
   "stack": [
    {
     "description": "Module._compile (module.js:541:32)",
     "filename": "module.js",
     "line": 541,
     "collum": 32
    },
    {
     "description": "Object.Module._extensions..js (module.js:550:10)",
     "filename": "module.js",
     "line": 550,
     "collum": 10
    },
    {
     "description": "Module.load (module.js:458:32)",
     "filename": "module.js",
     "line": 458,
     "collum": 32
    },
    {
     "description": "tryModuleLoad (module.js:417:12)",
     "filename": "module.js",
     "line": 417,
     "collum": 12
    },
    {
     "description": "Function.Module._load (module.js:409:3)",
     "filename": "module.js",
     "line": 409,
     "collum": 3
    },
    {
     "description": "Module.require (module.js:468:17)",
     "filename": "module.js",
     "line": 468,
     "collum": 17
    },
    {
     "description": "require (internal/module.js:20:19)",
     "filename": "internal/module.js",
     "line": 20,
     "collum": 19
    },
    {
     "description": "Object.<anonymous> (/Users/Andreas/Sites/node_modules/dprof/test/scripts/set-timeout-clear.js:2:1)",
     "filename": "/test/scripts/set-timeout-clear.js",
     "line": 2,
     "collum": 1
    },
    {
     "description": "Module._compile (module.js:541:32)",
     "filename": "module.js",
     "line": 541,
     "collum": 32
    },
    {
     "description": "Object.Module._extensions..js (module.js:550:10)",
     "filename": "module.js",
     "line": 550,
     "collum": 10
    },
    {
     "description": "Module.load (module.js:458:32)",
     "filename": "module.js",
     "line": 458,
     "collum": 32
    },
    {
     "description": "tryModuleLoad (module.js:417:12)",
     "filename": "module.js",
     "line": 417,
     "collum": 12
    },
    {
     "description": "Function.Module._load (module.js:409:3)",
     "filename": "module.js",
     "line": 409,
     "collum": 3
    },
    {
     "description": "Module.runMain (module.js:575:10)",
     "filename": "module.js",
     "line": 575,
     "collum": 10
    },
    {
     "description": "run (bootstrap_node.js:352:7)",
     "filename": "bootstrap_node.js",
     "line": 352,
     "collum": 7
    },
    {
     "description": "startup (bootstrap_node.js:144:9)",
     "filename": "bootstrap_node.js",
     "line": 144,
     "collum": 9
    },
    {
     "description": "bootstrap_node.js:467:3",
     "filename": "bootstrap_node.js",
     "line": 467,
     "collum": 3
    }
   ],
   "children": [
    {
     "name": "TimeoutWrap",
     "init": 3605127,
     "destroy": 18373855,
     "before": [],
     "after": [],
     "stack": [
      {
       "description": "Object.<anonymous> (/Users/Andreas/Sites/node_modules/dprof/test/scripts/set-timeout-clear.js:4:15)",
       "filename": "/test/scripts/set-timeout-clear.js",
       "line": 4,
       "collum": 15
      },
      {
       "description": "Module._compile (module.js:541:32)",
       "filename": "module.js",
       "line": 541,
       "collum": 32
      },
      {
       "description": "Object.Module._extensions..js (module.js:550:10)",
       "filename": "module.js",
       "line": 550,
       "collum": 10
      },
      {
       "description": "Module.load (module.js:458:32)",
       "filename": "module.js",
       "line": 458,
       "collum": 32
      },
      {
       "description": "tryModuleLoad (module.js:417:12)",
       "filename": "module.js",
       "line": 417,
       "collum": 12
      },
      {
       "description": "Function.Module._load (module.js:409:3)",
       "filename": "module.js",
       "line": 409,
       "collum": 3
      },
      {
       "description": "Module.runMain (module.js:575:10)",
       "filename": "module.js",
       "line": 575,
       "collum": 10
      },
      {
       "description": "run (bootstrap_node.js:352:7)",
       "filename": "bootstrap_node.js",
       "line": 352,
       "collum": 7
      },
      {
       "description": "startup (bootstrap_node.js:144:9)",
       "filename": "bootstrap_node.js",
       "line": 144,
       "collum": 9
      },
      {
       "description": "bootstrap_node.js:467:3",
       "filename": "bootstrap_node.js",
       "line": 467,
       "collum": 3
      }
     ],
     "children": []
    },
    {
     "name": "TimeoutWrap",
     "init": 4807971,
     "destroy": 18948924,
     "before": [
      17835801
     ],
     "after": [
      18909695
     ],
     "stack": [
      {
       "description": "Object.<anonymous> (/Users/Andreas/Sites/node_modules/dprof/test/scripts/set-timeout-clear.js:6:1)",
       "filename": "/test/scripts/set-timeout-clear.js",
       "line": 6,
       "collum": 1
      },
      {
       "description": "Module._compile (module.js:541:32)",
       "filename": "module.js",
       "line": 541,
       "collum": 32
      },
      {
       "description": "Object.Module._extensions..js (module.js:550:10)",
       "filename": "module.js",
       "line": 550,
       "collum": 10
      },
      {
       "description": "Module.load (module.js:458:32)",
       "filename": "module.js",
       "line": 458,
       "collum": 32
      },
      {
       "description": "tryModuleLoad (module.js:417:12)",
       "filename": "module.js",
       "line": 417,
       "collum": 12
      },
      {
       "description": "Function.Module._load (module.js:409:3)",
       "filename": "module.js",
       "line": 409,
       "collum": 3
      },
      {
       "description": "Module.runMain (module.js:575:10)",
       "filename": "module.js",
       "line": 575,
       "collum": 10
      },
      {
       "description": "run (bootstrap_node.js:352:7)",
       "filename": "bootstrap_node.js",
       "line": 352,
       "collum": 7
      },
      {
       "description": "startup (bootstrap_node.js:144:9)",
       "filename": "bootstrap_node.js",
       "line": 144,
       "collum": 9
      },
      {
       "description": "bootstrap_node.js:467:3",
       "filename": "bootstrap_node.js",
       "line": 467,
       "collum": 3
      }
     ],
     "children": []
    },
    {
     "name": "TimeoutWrap",
     "init": 5196815,
     "destroy": 106090301,
     "before": [
      105986156
     ],
     "after": [
      106074000
     ],
     "stack": [
      {
       "description": "Object.<anonymous> (/Users/Andreas/Sites/node_modules/dprof/test/scripts/set-timeout-clear.js:10:1)",
       "filename": "/test/scripts/set-timeout-clear.js",
       "line": 10,
       "collum": 1
      },
      {
       "description": "Module._compile (module.js:541:32)",
       "filename": "module.js",
       "line": 541,
       "collum": 32
      },
      {
       "description": "Object.Module._extensions..js (module.js:550:10)",
       "filename": "module.js",
       "line": 550,
       "collum": 10
      },
      {
       "description": "Module.load (module.js:458:32)",
       "filename": "module.js",
       "line": 458,
       "collum": 32
      },
      {
       "description": "tryModuleLoad (module.js:417:12)",
       "filename": "module.js",
       "line": 417,
       "collum": 12
      },
      {
       "description": "Function.Module._load (module.js:409:3)",
       "filename": "module.js",
       "line": 409,
       "collum": 3
      },
      {
       "description": "Module.runMain (module.js:575:10)",
       "filename": "module.js",
       "line": 575,
       "collum": 10
      },
      {
       "description": "run (bootstrap_node.js:352:7)",
       "filename": "bootstrap_node.js",
       "line": 352,
       "collum": 7
      },
      {
       "description": "startup (bootstrap_node.js:144:9)",
       "filename": "bootstrap_node.js",
       "line": 144,
       "collum": 9
      },
      {
       "description": "bootstrap_node.js:467:3",
       "filename": "bootstrap_node.js",
       "line": 467,
       "collum": 3
      }
     ],
     "children": []
    }
   ]
  }
 }
}